******************************************************************************
                  TI ARM Linker Unix v18.12.5                  
******************************************************************************
>> Linked Sat Oct 29 00:36:38 2022

OUTPUT FILE NAME:   <Tiva_test.out>
ENTRY POINT SYMBOL: "_c_int00_noinit_noargs"  address: 00000491


MEMORY CONFIGURATION

         name            origin    length      used     unused   attr    fill
----------------------  --------  ---------  --------  --------  ----  --------
  FLASH                 00000000   00040000  00000558  0003faa8  R  X
  SRAM                  20000000   00008000  00000200  00007e00  RW X


SEGMENT ALLOCATION MAP

run origin  load origin   length   init length attrs members
----------  ----------- ---------- ----------- ----- -------
00000000    00000000    00000558   00000558    r-x
  00000000    00000000    0000026c   0000026c    r-- .intvecs
  0000026c    0000026c    000002ec   000002ec    r-x .text
20000000    20000000    00000200   00000000    rw-
  20000000    20000000    00000200   00000000    rw- .stack


SECTION ALLOCATION MAP

 output                                  attributes/
section   page    origin      length       input sections
--------  ----  ----------  ----------   ----------------
.intvecs   0    00000000    0000026c     
                  00000000    0000026c     startup_ccs.obj (.intvecs)

.text      0    0000026c    000002ec     
                  0000026c    00000132     driverlib.lib : gpio.obj (.text:GPIOPadConfigSet)
                  0000039e    00000002     startup_ccs.obj (.text:FaultISR)
                  000003a0    00000050     LedBlinky.obj (.text:LedSetTimes_toBlink)
                  000003f0    00000038     driverlib.lib : sysctl.obj (.text:SysCtlPeripheralReady)
                  00000428    00000034                   : sysctl.obj (.text:SysCtlPeripheralEnable)
                  0000045c    00000034     main.obj (.text:main)
                  00000490    0000002c     rtsv7M4_T_le_v4SPD16_eabi.lib : boot_cortex_m.c.obj (.text:_c_int00_noinit_noargs:_c_int00_noinit_noargs)
                  000004bc    0000002a     driverlib.lib : gpio.obj (.text:GPIODirModeSet)
                  000004e6    00000002     startup_ccs.obj (.text:IntDefaultHandler)
                  000004e8    00000024     Led.obj (.text:Led_on)
                  0000050c    00000018     driverlib.lib : gpio.obj (.text:GPIOPinTypeGPIOOutput)
                  00000524    00000018     Led.obj (.text:Led_off)
                  0000053c    00000006     driverlib.lib : gpio.obj (.text:GPIOPinWrite)
                  00000542    00000006     startup_ccs.obj (.text:ResetISR)
                  00000548    00000006     driverlib.lib : sysctl.obj (.text:SysCtlDelay)
                  0000054e    00000004     rtsv7M4_T_le_v4SPD16_eabi.lib : pre_init.c.obj (.text:_system_pre_init)
                  00000552    00000004                                   : exit.c.obj (.text:abort:abort)
                  00000556    00000002     startup_ccs.obj (.text:NmiSR)

.cinit     0    00000000    00000000     UNINITIALIZED

.init_array 
*          0    00000000    00000000     UNINITIALIZED

.stack     0    20000000    00000200     UNINITIALIZED
                  20000000    00000004     rtsv7M4_T_le_v4SPD16_eabi.lib : boot_cortex_m.c.obj (.stack)
                  20000004    000001fc     --HOLE--

MODULE SUMMARY

       Module                code   ro data   rw data
       ------                ----   -------   -------
    ./
       startup_ccs.obj       12     620       0      
       main.obj              52     0         0      
    +--+---------------------+------+---------+---------+
       Total:                64     620       0      
                                                     
    ./src/
       LedBlinky.obj         80     0         0      
       Led.obj               60     0         0      
    +--+---------------------+------+---------+---------+
       Total:                140    0         0      
                                                     
    /home/hazem/ti/TI-18.12.5.LTS compiler/ti-cgt-arm_18.12.5.LTS/lib/rtsv7M4_T_le_v4SPD16_eabi.lib
       boot_cortex_m.c.obj   44     0         0      
       exit.c.obj            4      0         0      
       pre_init.c.obj        4      0         0      
    +--+---------------------+------+---------+---------+
       Total:                52     0         0      
                                                     
    /home/hazem/ti/tivaware_c_series_2_1_4_178/driverlib/ccs/Debug/driverlib.lib
       gpio.obj              378    0         0      
       sysctl.obj            114    0         0      
    +--+---------------------+------+---------+---------+
       Total:                492    0         0      
                                                     
       Stack:                0      0         512    
    +--+---------------------+------+---------+---------+
       Grand Total:          748    620       512    


GLOBAL SYMBOLS: SORTED ALPHABETICALLY BY Name 

address   name                  
-------   ----                  
00000553  C$$EXIT               
000004bd  GPIODirModeSet        
0000026d  GPIOPadConfigSet      
0000050d  GPIOPinTypeGPIOOutput 
0000053d  GPIOPinWrite          
000003a1  LedSetTimes_toBlink   
00000525  Led_off               
000004e9  Led_on                
00000543  ResetISR              
00000549  SysCtlDelay           
00000429  SysCtlPeripheralEnable
000003f1  SysCtlPeripheralReady 
20000200  __STACK_END           
00000200  __STACK_SIZE          
20000200  __STACK_TOP           
ffffffff  __TI_pprof_out_hndl   
ffffffff  __TI_prof_data_size   
ffffffff  __TI_prof_data_start  
00000000  __TI_static_base__    
ffffffff  __binit__             
ffffffff  __c_args__            
UNDEFED   __mpu_init            
20000000  __stack               
00000491  _c_int00_noinit_noargs
0000054f  _system_pre_init      
00000553  abort                 
ffffffff  binit                 
00000000  g_pfnVectors          
0000045d  main                  


GLOBAL SYMBOLS: SORTED BY Symbol Address 

address   name                  
-------   ----                  
00000000  __TI_static_base__    
00000000  g_pfnVectors          
00000200  __STACK_SIZE          
0000026d  GPIOPadConfigSet      
000003a1  LedSetTimes_toBlink   
000003f1  SysCtlPeripheralReady 
00000429  SysCtlPeripheralEnable
0000045d  main                  
00000491  _c_int00_noinit_noargs
000004bd  GPIODirModeSet        
000004e9  Led_on                
0000050d  GPIOPinTypeGPIOOutput 
00000525  Led_off               
0000053d  GPIOPinWrite          
00000543  ResetISR              
00000549  SysCtlDelay           
0000054f  _system_pre_init      
00000553  C$$EXIT               
00000553  abort                 
20000000  __stack               
20000200  __STACK_END           
20000200  __STACK_TOP           
ffffffff  __TI_pprof_out_hndl   
ffffffff  __TI_prof_data_size   
ffffffff  __TI_prof_data_start  
ffffffff  __binit__             
ffffffff  __c_args__            
ffffffff  binit                 
UNDEFED   __mpu_init            

[29 symbols]
